[04.03.2026, 22:09:25 EET] [INFO] xenia:schema:updated {"appid":"454108CF","dir":"C:\\Users\\Serban\\AppData\\Local\\Temp\\xenia-schema-test-iOJHEt","updated":true,"added":0,"changed":109,"pruned":1,"total":54,"incoming":54,"images":55}
[04.03.2026, 22:09:25 EET] [INFO] xenia:exophase:start {"appid":"454108CF","slug":"dante-s-inferno","platform":"xbox-360","variants":2}
[04.03.2026, 22:09:52 EET] [WARN] xenia:exophase:retry {"appid":"454108CF","slug":"dante-s-inferno","platform":"xbox-360","error":"No working Exophase URL"}
[04.03.2026, 22:09:54 EET] [INFO] exophase:lang:load {"lang":"arabic","url":"https://www.exophase.com/game/dantes-inferno-xbox-360/achievements/ar/"}
[04.03.2026, 22:09:54 EET] [WARN] exophase:lang:default-english {"lang":"arabic","url":"https://www.exophase.com/game/dantes-inferno-xbox-360/achievements/ar/"}
[04.03.2026, 22:09:54 EET] [INFO] exophase:lang:load {"lang":"bulgarian","url":"https://www.exophase.com/game/dantes-inferno-xbox-360/achievements/bg/"}
[04.03.2026, 22:09:55 EET] [WARN] exophase:lang:default-english {"lang":"bulgarian","url":"https://www.exophase.com/game/dantes-inferno-xbox-360/achievements/bg/"}
[04.03.2026, 22:09:55 EET] [INFO] exophase:lang:load {"lang":"brazilian","url":"https://www.exophase.com/game/dantes-inferno-xbox-360/achievements/pt_BR/"}
[04.03.2026, 22:09:55 EET] [WARN] exophase:lang:default-english {"lang":"brazilian","url":"https://www.exophase.com/game/dantes-inferno-xbox-360/achievements/pt_BR/"}
[04.03.2026, 22:09:55 EET] [INFO] exophase:lang:load {"lang":"czech","url":"https://www.exophase.com/game/dantes-inferno-xbox-360/achievements/cs/"}
[04.03.2026, 22:09:56 EET] [WARN] exophase:lang:default-english {"lang":"czech","url":"https://www.exophase.com/game/dantes-inferno-xbox-360/achievements/cs/"}
[04.03.2026, 22:09:56 EET] [INFO] exophase:lang:load {"lang":"danish","url":"https://www.exophase.com/game/dantes-inferno-xbox-360/achievements/dk/"}
[04.03.2026, 22:09:57 EET] [WARN] exophase:lang:default-english {"lang":"danish","url":"https://www.exophase.com/game/dantes-inferno-xbox-360/achievements/dk/"}
[04.03.2026, 22:09:57 EET] [INFO] exophase:lang:load {"lang":"dutch","url":"https://www.exophase.com/game/dantes-inferno-xbox-360/achievements/nl/"}
[04.03.2026, 22:09:57 EET] [WARN] exophase:lang:default-english {"lang":"dutch","url":"https://www.exophase.com/game/dantes-inferno-xbox-360/achievements/nl/"}
[04.03.2026, 22:09:57 EET] [INFO] exophase:lang:load {"lang":"finnish","url":"https://www.exophase.com/game/dantes-inferno-xbox-360/achievements/fi/"}
[04.03.2026, 22:09:58 EET] [WARN] exophase:lang:default-english {"lang":"finnish","url":"https://www.exophase.com/game/dantes-inferno-xbox-360/achievements/fi/"}
[04.03.2026, 22:09:58 EET] [INFO] exophase:lang:load {"lang":"french","url":"https://www.exophase.com/game/dantes-inferno-xbox-360/achievements/fr/"}
[04.03.2026, 22:09:58 EET] [INFO] exophase:lang:load {"lang":"german","url":"https://www.exophase.com/game/dantes-inferno-xbox-360/achievements/de/"}
[04.03.2026, 22:09:59 EET] [INFO] exophase:lang:load {"lang":"greek","url":"https://www.exophase.com/game/dantes-inferno-xbox-360/achievements/el/"}
[04.03.2026, 22:09:59 EET] [WARN] exophase:lang:default-english {"lang":"greek","url":"https://www.exophase.com/game/dantes-inferno-xbox-360/achievements/el/"}
[04.03.2026, 22:09:59 EET] [INFO] exophase:lang:load {"lang":"hungarian","url":"https://www.exophase.com/game/dantes-inferno-xbox-360/achievements/hu/"}
[04.03.2026, 22:10:00 EET] [WARN] exophase:lang:default-english {"lang":"hungarian","url":"https://www.exophase.com/game/dantes-inferno-xbox-360/achievements/hu/"}
[04.03.2026, 22:10:00 EET] [INFO] exophase:lang:load {"lang":"indonesian","url":"https://www.exophase.com/game/dantes-inferno-xbox-360/achievements/in/"}
[04.03.2026, 22:10:00 EET] [WARN] exophase:lang:default-english {"lang":"indonesian","url":"https://www.exophase.com/game/dantes-inferno-xbox-360/achievements/in/"}
[04.03.2026, 22:10:00 EET] [INFO] exophase:lang:load {"lang":"italian","url":"https://www.exophase.com/game/dantes-inferno-xbox-360/achievements/it/"}
[04.03.2026, 22:10:01 EET] [INFO] exophase:lang:load {"lang":"japanese","url":"https://www.exophase.com/game/dantes-inferno-xbox-360/achievements/jp/"}
[04.03.2026, 22:10:01 EET] [INFO] exophase:lang:load {"lang":"koreana","url":"https://www.exophase.com/game/dantes-inferno-xbox-360/achievements/ko/"}
[04.03.2026, 22:10:02 EET] [WARN] exophase:lang:default-english {"lang":"koreana","url":"https://www.exophase.com/game/dantes-inferno-xbox-360/achievements/ko/"}
[04.03.2026, 22:10:02 EET] [INFO] exophase:lang:load {"lang":"latam","url":"https://www.exophase.com/game/dantes-inferno-xbox-360/achievements/es_MX/"}
[04.03.2026, 22:10:02 EET] [WARN] exophase:lang:default-english {"lang":"latam","url":"https://www.exophase.com/game/dantes-inferno-xbox-360/achievements/es_MX/"}
[04.03.2026, 22:10:02 EET] [INFO] exophase:lang:load {"lang":"norwegian","url":"https://www.exophase.com/game/dantes-inferno-xbox-360/achievements/no/"}
[04.03.2026, 22:10:03 EET] [WARN] exophase:lang:default-english {"lang":"norwegian","url":"https://www.exophase.com/game/dantes-inferno-xbox-360/achievements/no/"}
[04.03.2026, 22:10:03 EET] [INFO] exophase:lang:load {"lang":"polish","url":"https://www.exophase.com/game/dantes-inferno-xbox-360/achievements/pl/"}
[04.03.2026, 22:10:04 EET] [WARN] exophase:lang:default-english {"lang":"polish","url":"https://www.exophase.com/game/dantes-inferno-xbox-360/achievements/pl/"}
[04.03.2026, 22:10:04 EET] [INFO] exophase:lang:load {"lang":"portuguese","url":"https://www.exophase.com/game/dantes-inferno-xbox-360/achievements/pt/"}
[04.03.2026, 22:10:04 EET] [WARN] exophase:lang:default-english {"lang":"portuguese","url":"https://www.exophase.com/game/dantes-inferno-xbox-360/achievements/pt/"}
[04.03.2026, 22:10:04 EET] [INFO] exophase:lang:load {"lang":"romanian","url":"https://www.exophase.com/game/dantes-inferno-xbox-360/achievements/ro/"}
[04.03.2026, 22:10:05 EET] [WARN] exophase:lang:default-english {"lang":"romanian","url":"https://www.exophase.com/game/dantes-inferno-xbox-360/achievements/ro/"}
[04.03.2026, 22:10:05 EET] [INFO] exophase:lang:load {"lang":"russian","url":"https://www.exophase.com/game/dantes-inferno-xbox-360/achievements/ru/"}
[04.03.2026, 22:10:05 EET] [WARN] exophase:lang:default-english {"lang":"russian","url":"https://www.exophase.com/game/dantes-inferno-xbox-360/achievements/ru/"}
[04.03.2026, 22:10:05 EET] [INFO] exophase:lang:load {"lang":"spanish","url":"https://www.exophase.com/game/dantes-inferno-xbox-360/achievements/es/"}
[04.03.2026, 22:10:06 EET] [INFO] exophase:lang:load {"lang":"schinese","url":"https://www.exophase.com/game/dantes-inferno-xbox-360/achievements/zh-CN/"}
[04.03.2026, 22:10:06 EET] [WARN] exophase:lang:default-english {"lang":"schinese","url":"https://www.exophase.com/game/dantes-inferno-xbox-360/achievements/zh-CN/"}
[04.03.2026, 22:10:06 EET] [INFO] exophase:lang:load {"lang":"tchinese","url":"https://www.exophase.com/game/dantes-inferno-xbox-360/achievements/zh-TW/"}
[04.03.2026, 22:10:07 EET] [WARN] exophase:lang:default-english {"lang":"tchinese","url":"https://www.exophase.com/game/dantes-inferno-xbox-360/achievements/zh-TW/"}
[04.03.2026, 22:10:07 EET] [INFO] exophase:lang:load {"lang":"thai","url":"https://www.exophase.com/game/dantes-inferno-xbox-360/achievements/th/"}
[04.03.2026, 22:10:07 EET] [WARN] exophase:lang:default-english {"lang":"thai","url":"https://www.exophase.com/game/dantes-inferno-xbox-360/achievements/th/"}
[04.03.2026, 22:10:07 EET] [INFO] exophase:lang:load {"lang":"turkish","url":"https://www.exophase.com/game/dantes-inferno-xbox-360/achievements/tr/"}
[04.03.2026, 22:10:08 EET] [WARN] exophase:lang:default-english {"lang":"turkish","url":"https://www.exophase.com/game/dantes-inferno-xbox-360/achievements/tr/"}
[04.03.2026, 22:10:08 EET] [INFO] exophase:lang:load {"lang":"swedish","url":"https://www.exophase.com/game/dantes-inferno-xbox-360/achievements/se/"}
[04.03.2026, 22:10:09 EET] [WARN] exophase:lang:default-english {"lang":"swedish","url":"https://www.exophase.com/game/dantes-inferno-xbox-360/achievements/se/"}
[04.03.2026, 22:10:09 EET] [INFO] exophase:lang:load {"lang":"ukrainian","url":"https://www.exophase.com/game/dantes-inferno-xbox-360/achievements/uk/"}
[04.03.2026, 22:10:09 EET] [WARN] exophase:lang:default-english {"lang":"ukrainian","url":"https://www.exophase.com/game/dantes-inferno-xbox-360/achievements/uk/"}
[04.03.2026, 22:10:09 EET] [INFO] exophase:lang:load {"lang":"vietnamese","url":"https://www.exophase.com/game/dantes-inferno-xbox-360/achievements/vi/"}
[04.03.2026, 22:10:10 EET] [WARN] exophase:lang:default-english {"lang":"vietnamese","url":"https://www.exophase.com/game/dantes-inferno-xbox-360/achievements/vi/"}
[04.03.2026, 22:10:10 EET] [INFO] xenia:exophase:alt-slug {"appid":"454108CF","slug":"dantes-inferno","platform":"xbox-360"}
[04.03.2026, 22:10:10 EET] [WARN] xenia:exophase:error {"appid":"454108CF","error":"ENOENT: no such file or directory, open 'C:\\Users\\Serban\\AppData\\Local\\Temp\\xenia-schema-test-iOJHEt\\achievements.json'"}
